Token(type=IDENTIFIER, lexeme=x, literal=x, line=1)
Token(type=IDENTIFIER, lexeme=y, literal=y, line=1)
Token(type=IDENTIFIER, lexeme=foo, literal=foo, line=1)
Token(type=IDENTIFIER, lexeme=bar, literal=bar, line=1)
Token(type=IDENTIFIER, lexeme=_underscore, literal=_underscore, line=2)
Token(type=IDENTIFIER, lexeme=_leading, literal=_leading, line=2)
Token(type=IDENTIFIER, lexeme=snake_case, literal=snake_case, line=3)
Token(type=IDENTIFIER, lexeme=camelCase, literal=camelCase, line=3)
Token(type=IDENTIFIER, lexeme=PascalCase, literal=PascalCase, line=3)
Token(type=IDENTIFIER, lexeme=a1, literal=a1, line=4)
Token(type=IDENTIFIER, lexeme=b2, literal=b2, line=4)
Token(type=IDENTIFIER, lexeme=var123, literal=var123, line=4)
Token(type=IDENTIFIER, lexeme=_, literal=_, line=5)
Token(type=IDENTIFIER, lexeme=__, literal=__, line=5)
Token(type=IDENTIFIER, lexeme=___, literal=___, line=5)
Token(type=IDENTIFIER, lexeme=returning, literal=returning, line=6)
Token(type=IDENTIFIER, lexeme=ifelse, literal=ifelse, line=6)
Token(type=IDENTIFIER, lexeme=elsewhere, literal=elsewhere, line=6)
Token(type=EOF, lexeme=, literal=, line=7)
