Token(type=IDENTIFIER, lexeme=x, literal=, line=1)
Token(type=IDENTIFIER, lexeme=y, literal=, line=1)
Token(type=IDENTIFIER, lexeme=foo, literal=, line=1)
Token(type=IDENTIFIER, lexeme=bar, literal=, line=1)
Token(type=IDENTIFIER, lexeme=_underscore, literal=, line=2)
Token(type=IDENTIFIER, lexeme=_leading, literal=, line=2)
Token(type=IDENTIFIER, lexeme=snake_case, literal=, line=3)
Token(type=IDENTIFIER, lexeme=camelCase, literal=, line=3)
Token(type=IDENTIFIER, lexeme=PascalCase, literal=, line=3)
Token(type=IDENTIFIER, lexeme=a1, literal=, line=4)
Token(type=IDENTIFIER, lexeme=b2, literal=, line=4)
Token(type=IDENTIFIER, lexeme=var123, literal=, line=4)
Token(type=IDENTIFIER, lexeme=_, literal=, line=5)
Token(type=IDENTIFIER, lexeme=__, literal=, line=5)
Token(type=IDENTIFIER, lexeme=___, literal=, line=5)
Token(type=IDENTIFIER, lexeme=returning, literal=, line=6)
Token(type=IDENTIFIER, lexeme=ifelse, literal=, line=6)
Token(type=IDENTIFIER, lexeme=elsewhere, literal=, line=6)
Token(type=EOF, lexeme=, literal=, line=7)
