Token(type=RETURN, lexeme=return, literal=return, line=1)
Token(type=IF, lexeme=if, literal=if, line=1)
Token(type=ELSE, lexeme=else, literal=else, line=1)
Token(type=MATCH, lexeme=match, literal=match, line=1)
Token(type=CASE, lexeme=case, literal=case, line=1)
Token(type=FOR, lexeme=for, literal=for, line=1)
Token(type=IN, lexeme=in, literal=in, line=1)
Token(type=WHILE, lexeme=while, literal=while, line=1)
Token(type=AND, lexeme=and, literal=and, line=1)
Token(type=OR, lexeme=or, literal=or, line=1)
Token(type=NOT, lexeme=not, literal=not, line=1)
Token(type=TRUE, lexeme=true, literal=true, line=1)
Token(type=FALSE, lexeme=false, literal=false, line=1)
Token(type=NULL, lexeme=null, literal=null, line=1)
Token(type=EOF, lexeme=, literal=, line=2)
