Token(type=RETURN, lexeme=return, literal=, line=1)
Token(type=IF, lexeme=if, literal=, line=1)
Token(type=ELSE, lexeme=else, literal=, line=1)
Token(type=MATCH, lexeme=match, literal=, line=1)
Token(type=CASE, lexeme=case, literal=, line=1)
Token(type=FOR, lexeme=for, literal=, line=1)
Token(type=IN, lexeme=in, literal=, line=1)
Token(type=WHILE, lexeme=while, literal=, line=1)
Token(type=AND, lexeme=and, literal=, line=1)
Token(type=OR, lexeme=or, literal=, line=1)
Token(type=NOT, lexeme=not, literal=, line=1)
Token(type=TRUE, lexeme=true, literal=, line=1)
Token(type=FALSE, lexeme=false, literal=, line=1)
Token(type=NULL, lexeme=null, literal=, line=1)
Token(type=EOF, lexeme=, literal=, line=2)
