Token(type=FLOAT, lexeme=50.3, literal=50.3, line=1)
Token(type=TERMINATOR, lexeme=;, literal=, line=1)
Token(type=FLOAT, lexeme=12.1, literal=12.1, line=1)
Token(type=LBRACKET, lexeme=[, literal=, line=2)
Token(type=INTEGER, lexeme=1, literal=1, line=2)
Token(type=COMMA, lexeme=,, literal=, line=2)
Token(type=INTEGER, lexeme=2, literal=2, line=2)
Token(type=COMMA, lexeme=,, literal=, line=2)
Token(type=INTEGER, lexeme=3, literal=3, line=2)
Token(type=RBRACKET, lexeme=], literal=, line=2)
Token(type=EOF, lexeme=, literal=, line=2)