Token(type=INTEGER, lexeme=1, literal=1, line=1)
Token(type=INTEGER, lexeme=2, literal=2, line=1)
Token(type=INTEGER, lexeme=3, literal=3, line=1)
Token(type=INTEGER, lexeme=4, literal=4, line=1)
Token(type=INTEGER, lexeme=5, literal=5, line=1)
Token(type=INTEGER, lexeme=6, literal=6, line=1)
Token(type=INTEGER, lexeme=7, literal=7, line=1)
Token(type=INTEGER, lexeme=8, literal=8, line=1)
Token(type=INTEGER, lexeme=9, literal=9, line=1)
Token(type=INTEGER, lexeme=10, literal=10, line=1)
Token(type=EOF, lexeme=, literal=, line=2)