Token(type=LPAREN, lexeme=(, literal=, line=1)
Token(type=RPAREN, lexeme=), literal=, line=1)
Token(type=LBRACE, lexeme={, literal=, line=1)
Token(type=LBRACKET, lexeme=[, literal=, line=1)
Token(type=RBRACKET, lexeme=], literal=, line=1)
Token(type=RBRACE, lexeme=}, literal=, line=1)
Token(type=COMMA, lexeme=,, literal=, line=1)
Token(type=COLON, lexeme=:, literal=, line=1)
Token(type=TERMINATOR, lexeme=;, literal=, line=1)
Token(type=EOF, lexeme=, literal=, line=2)
