Token(type=ASSIGN, lexeme==, literal=, line=1)
Token(type=LPAREN, lexeme=(, literal=, line=1)
Token(type=ADD, lexeme=+, literal=, line=1)
Token(type=SUBTRACT, lexeme=-, literal=, line=1)
Token(type=MULTIPLY, lexeme=*, literal=, line=1)
Token(type=DIVIDE, lexeme=/, literal=, line=1)
Token(type=LESS, lexeme=<, literal=, line=1)
Token(type=MORE, lexeme=>, literal=, line=1)
Token(type=RPAREN, lexeme=), literal=, line=1)
Token(type=EQUALS, lexeme===, literal=, line=1)
Token(type=MORE_EQUALS, lexeme=>=, literal=, line=1)
Token(type=LESS_EQUALS, lexeme=<=, literal=, line=1)
Token(type=NOT_EQUALS, lexeme=!=, literal=, line=1)
Token(type=LBRACE, lexeme={, literal=, line=2)
Token(type=LBRACKET, lexeme=[, literal=, line=2)
Token(type=RBRACKET, lexeme=], literal=, line=2)
Token(type=COMMA, lexeme=,, literal=, line=2)
Token(type=COLON, lexeme=:, literal=, line=2)
Token(type=ADD_ASSIGN, lexeme=+=, literal=, line=2)
Token(type=SUB_ASSIGN, lexeme=-=, literal=, line=2)
Token(type=MUL_ASSIGN, lexeme=*=, literal=, line=2)
Token(type=DIV_ASSIGN, lexeme=/=, literal=, line=2)
Token(type=EXPONENT, lexeme=^, literal=, line=2)
Token(type=MODULO, lexeme=%, literal=, line=2)
Token(type=STRING_CONCAT, lexeme=++, literal=, line=2)
Token(type=RBRACE, lexeme=}, literal=, line=2)
Token(type=TERMINATOR, lexeme=;, literal=, line=2)
Token(type=PIPE, lexeme=|>, literal=, line=3)
Token(type=PIPE_ASSIGN, lexeme=|=, literal=, line=3)
Token(type=LAMBDA_ARROW, lexeme=->, literal=, line=3)
Token(type=MATCH_ARROW, lexeme==>, literal=, line=3)
Token(type=EOF, lexeme=, literal=, line=4)
