Token(type=IDENTIFIER, lexeme=x, literal=, line=1)
Token(type=ASSIGN, lexeme==, literal=, line=1)
Token(type=INTEGER, lexeme=1, literal=1, line=1)
Token(type=IDENTIFIER, lexeme=y, literal=, line=4)
Token(type=ASSIGN, lexeme==, literal=, line=4)
Token(type=STRING, lexeme="a", literal=a, line=4)
Token(type=IDENTIFIER, lexeme=z, literal=, line=5)
Token(type=EOF, lexeme=, literal=, line=6)
