Token(type=EQUALS, lexeme==, literal=, line=1)
Token(type=LPAREN, lexeme=(, literal=, line=1)
Token(type=ADD, lexeme=+, literal=, line=1)
Token(type=SUBTRACT, lexeme=-, literal=, line=1)
Token(type=MULTIPLY, lexeme=*, literal=, line=1)
Token(type=DIVIDE, lexeme=/, literal=, line=1)
Token(type=LESS, lexeme=<, literal=, line=1)
Token(type=MORE, lexeme=>, literal=, line=1)
Token(type=RPAREN, lexeme=), literal=, line=1)
Token(type=EOF, lexeme=, literal=, line=2)
